Component: ARM Compiler 5.06 update 6 (build 750) Tool: armlink [4d35ed]

==============================================================================

Section Cross References

    main.o(i.button_press_isr) refers to _printf_percent.o(.ARM.Collect$$_printf_percent$$00000000) for _printf_percent
    main.o(i.button_press_isr) refers to _printf_d.o(.ARM.Collect$$_printf_percent$$00000009) for _printf_d
    main.o(i.button_press_isr) refers to _printf_f.o(.ARM.Collect$$_printf_percent$$00000003) for _printf_f
    main.o(i.button_press_isr) refers to _printf_dec.o(.text) for _printf_int_dec
    main.o(i.button_press_isr) refers to printf1.o(x$fpl$printf1) for _printf_fp_dec
    main.o(i.button_press_isr) refers to leds.o(i.leds_set) for leds_set
    main.o(i.button_press_isr) refers to dflt_clz.o(x$fpl$dfltu) for __aeabi_ui2d
    main.o(i.button_press_isr) refers to dfixu.o(x$fpl$dfixu) for __aeabi_d2uiz
    main.o(i.button_press_isr) refers to dmul.o(x$fpl$dmul) for __aeabi_dmul
    main.o(i.button_press_isr) refers to ddiv.o(x$fpl$ddiv) for __aeabi_ddiv
    main.o(i.button_press_isr) refers to dleqf.o(x$fpl$dleqf) for __aeabi_cdcmple
    main.o(i.button_press_isr) refers to daddsub_clz.o(x$fpl$dadd) for __aeabi_dadd
    main.o(i.button_press_isr) refers to noretval__2printf.o(.text) for __2printf
    main.o(i.button_press_isr) refers to delay.o(i.delay_ms) for delay_ms
    main.o(i.button_press_isr) refers to main.o(.data) for stop
    main.o(i.button_press_isr) refers to system_stm32f4xx.o(.data) for SystemCoreClock
    main.o(i.button_press_isr) refers to main.o(.conststring) for .conststring
    main.o(i.main) refers to _printf_percent.o(.ARM.Collect$$_printf_percent$$00000000) for _printf_percent
    main.o(i.main) refers to _printf_d.o(.ARM.Collect$$_printf_percent$$00000009) for _printf_d
    main.o(i.main) refers to _printf_dec.o(.text) for _printf_int_dec
    main.o(i.main) refers to _printf_f.o(.ARM.Collect$$_printf_percent$$00000003) for _printf_f
    main.o(i.main) refers to printf1.o(x$fpl$printf1) for _printf_fp_dec
    main.o(i.main) refers to leds.o(i.leds_init) for leds_init
    main.o(i.main) refers to leds.o(i.leds_set) for leds_set
    main.o(i.main) refers to gpio.o(i.gpio_set_mode) for gpio_set_mode
    main.o(i.main) refers to gpio.o(i.gpio_set_trigger) for gpio_set_trigger
    main.o(i.main) refers to gpio.o(i.gpio_set_callback) for gpio_set_callback
    main.o(i.main) refers to noretval__2printf.o(.text) for __2printf
    main.o(i.main) refers to dflt_clz.o(x$fpl$dflt) for __aeabi_i2d
    main.o(i.main) refers to dflt_clz.o(x$fpl$dfltu) for __aeabi_ui2d
    main.o(i.main) refers to ddiv.o(x$fpl$ddiv) for __aeabi_ddiv
    main.o(i.main) refers to dfixu.o(x$fpl$dfixu) for __aeabi_d2uiz
    main.o(i.main) refers to exit.o(.text) for exit
    main.o(i.main) refers to main.o(.data) for counter
    main.o(i.main) refers to main.o(i.button_press_isr) for button_press_isr
    main.o(i.main) refers to main.o(.conststring) for .conststring
    delay.o(i.delay_ms) refers to delay.o(.emb_text) for delay_cycles
    delay.o(i.delay_ms) refers to system_stm32f4xx.o(.data) for SystemCoreClock
    delay.o(i.delay_us) refers to delay.o(.emb_text) for delay_cycles
    delay.o(i.delay_us) refers to system_stm32f4xx.o(.data) for SystemCoreClock
    leds.o(i.leds_init) refers to gpio.o(i.gpio_set_mode) for gpio_set_mode
    leds.o(i.leds_init) refers to leds.o(i.leds_set) for leds_set
    leds.o(i.leds_set) refers to gpio.o(i.gpio_set) for gpio_set
    gpio.o(i.EXTI0_IRQHandler) refers to gpio.o(i.__NVIC_ClearPendingIRQ) for __NVIC_ClearPendingIRQ
    gpio.o(i.EXTI0_IRQHandler) refers to gpio.o(.data) for IRQ_port_num
    gpio.o(i.EXTI15_10_IRQHandler) refers to gpio.o(i.__NVIC_ClearPendingIRQ) for __NVIC_ClearPendingIRQ
    gpio.o(i.EXTI15_10_IRQHandler) refers to gpio.o(.data) for IRQ_port_num
    gpio.o(i.EXTI1_IRQHandler) refers to gpio.o(i.__NVIC_ClearPendingIRQ) for __NVIC_ClearPendingIRQ
    gpio.o(i.EXTI1_IRQHandler) refers to gpio.o(.data) for IRQ_port_num
    gpio.o(i.EXTI2_IRQHandler) refers to gpio.o(i.__NVIC_ClearPendingIRQ) for __NVIC_ClearPendingIRQ
    gpio.o(i.EXTI2_IRQHandler) refers to gpio.o(.data) for IRQ_port_num
    gpio.o(i.EXTI3_IRQHandler) refers to gpio.o(i.__NVIC_ClearPendingIRQ) for __NVIC_ClearPendingIRQ
    gpio.o(i.EXTI3_IRQHandler) refers to gpio.o(.data) for IRQ_port_num
    gpio.o(i.EXTI4_IRQHandler) refers to gpio.o(i.__NVIC_ClearPendingIRQ) for __NVIC_ClearPendingIRQ
    gpio.o(i.EXTI4_IRQHandler) refers to gpio.o(.data) for IRQ_port_num
    gpio.o(i.EXTI9_5_IRQHandler) refers to gpio.o(i.__NVIC_ClearPendingIRQ) for __NVIC_ClearPendingIRQ
    gpio.o(i.EXTI9_5_IRQHandler) refers to gpio.o(.data) for IRQ_port_num
    gpio.o(i.gpio_set_callback) refers to gpio.o(i.__NVIC_GetPriorityGrouping) for __NVIC_GetPriorityGrouping
[...]
    ../clib/memcpset.s                       0x00000000   Number         0  rt_memclr_w.o ABSOLUTE
    ../clib/memcpset.s                       0x00000000   Number         0  rt_memcpy_w.o ABSOLUTE
    ../clib/misc.s                           0x00000000   Number         0  printf_stubs.o ABSOLUTE
    ../clib/printf.c                         0x00000000   Number         0  _printf_fp_dec.o ABSOLUTE
    ../clib/printf.c                         0x00000000   Number         0  noretval__2printf.o ABSOLUTE
    ../clib/printf.c                         0x00000000   Number         0  __printf_flags_ss_wp.o ABSOLUTE
    ../clib/printf.c                         0x00000000   Number         0  __2printf.o ABSOLUTE
    ../clib/printf.c                         0x00000000   Number         0  _printf_intcommon.o ABSOLUTE
    ../clib/printf.c                         0x00000000   Number         0  __printf_nopercent.o ABSOLUTE
    ../clib/printf.c                         0x00000000   Number         0  __printf_flags_wp.o ABSOLUTE
    ../clib/printf.c                         0x00000000   Number         0  __printf_ss_wp.o ABSOLUTE
    ../clib/printf.c                         0x00000000   Number         0  _printf_char_common.o ABSOLUTE
    ../clib/printf.c                         0x00000000   Number         0  __printf.o ABSOLUTE
    ../clib/printf.c                         0x00000000   Number         0  _printf_dec.o ABSOLUTE
    ../clib/printf.c                         0x00000000   Number         0  __printf_flags.o ABSOLUTE
    ../clib/printf.c                         0x00000000   Number         0  _printf_char_file.o ABSOLUTE
    ../clib/printf.c                         0x00000000   Number         0  __printf_flags_ss.o ABSOLUTE
    ../clib/printf.c                         0x00000000   Number         0  _printf_fp_infnan.o ABSOLUTE
    ../clib/printf.c                         0x00000000   Number         0  _printf_char_file_locked.o ABSOLUTE
    ../clib/printf.c                         0x00000000   Number         0  __printf_ss.o ABSOLUTE
    ../clib/printf.c                         0x00000000   Number         0  __printf_wp.o ABSOLUTE
    ../clib/printf_percent.s                 0x00000000   Number         0  _printf_f.o ABSOLUTE
    ../clib/printf_percent.s                 0x00000000   Number         0  _printf_d.o ABSOLUTE
    ../clib/printf_percent.s                 0x00000000   Number         0  _printf_percent_end.o ABSOLUTE
    ../clib/printf_percent.s                 0x00000000   Number         0  _printf_percent.o ABSOLUTE
    ../clib/signal.c                         0x00000000   Number         0  defsig_rtmem_formal.o ABSOLUTE
    ../clib/signal.c                         0x00000000   Number         0  defsig_rtred_formal.o ABSOLUTE
    ../clib/signal.c                         0x00000000   Number         0  defsig_rtred_outer.o ABSOLUTE
    ../clib/signal.c                         0x00000000   Number         0  defsig_rtmem_outer.o ABSOLUTE
    ../clib/signal.c                         0x00000000   Number         0  defsig_abrt_inner.o ABSOLUTE
    ../clib/signal.c                         0x00000000   Number         0  defsig_exit.o ABSOLUTE
    ../clib/signal.c                         0x00000000   Number         0  __raise.o ABSOLUTE
    ../clib/signal.c                         0x00000000   Number         0  defsig_general.o ABSOLUTE
    ../clib/signal.c                         0x00000000   Number         0  defsig_rtmem_inner.o ABSOLUTE
    ../clib/signal.c                         0x00000000   Number         0  defsig_rtred_inner.o ABSOLUTE
    ../clib/signal.c                         0x00000000   Number         0  defsig_fpe_inner.o ABSOLUTE
    ../clib/signal.c                         0x00000000   Number         0  defsig_stak_inner.o ABSOLUTE
    ../clib/signal.c                         0x00000000   Number         0  defsig_pvfn_inner.o ABSOLUTE
    ../clib/signal.c                         0x00000000   Number         0  defsig_cppl_inner.o ABSOLUTE
    ../clib/signal.c                         0x00000000   Number         0  defsig_segv_inner.o ABSOLUTE
    ../clib/signal.c                         0x00000000   Number         0  defsig_other.o ABSOLUTE
    ../clib/signal.s                         0x00000000   Number         0  defsig.o ABSOLUTE
    ../clib/stdio.c                          0x00000000   Number         0  fputs.o ABSOLUTE
    ../clib/stdio.c                          0x00000000   Number         0  fwritefast_locked.o ABSOLUTE
    ../clib/stdio.c                          0x00000000   Number         0  fopen.o ABSOLUTE
    ../clib/stdio.c                          0x00000000   Number         0  fwritefast.o ABSOLUTE
    ../clib/stdio.c                          0x00000000   Number         0  stdio.o ABSOLUTE
    ../clib/stdio.c                          0x00000000   Number         0  ferror.o ABSOLUTE
    ../clib/stdio.c                          0x00000000   Number         0  fseek.o ABSOLUTE
    ../clib/stdio.c                          0x00000000   Number         0  initio.o ABSOLUTE
    ../clib/stdio.c                          0x00000000   Number         0  fputc_locked.o ABSOLUTE
    ../clib/stdio.c                          0x00000000   Number         0  stdio_streams.o ABSOLUTE
    ../clib/stdio.c                          0x00000000   Number         0  ferror_locked.o ABSOLUTE
    ../clib/stdio.c                          0x00000000   Number         0  initio_locked.o ABSOLUTE
    ../clib/stdio.c                          0x00000000   Number         0  flsbuf.o ABSOLUTE
    ../clib/stdio.c                          0x00000000   Number         0  setvbuf.o ABSOLUTE
    ../clib/stdio.c                          0x00000000   Number         0  fopen_locked.o ABSOLUTE
    ../clib/stdio.c                          0x00000000   Number         0  streamlock.o ABSOLUTE
    ../clib/stdio.c                          0x00000000   Number         0  fputc.o ABSOLUTE
    ../clib/stdio.c                          0x00000000   Number         0  fflush.o ABSOLUTE
    ../clib/stdio.c                          0x00000000   Number         0  fflush_locked.o ABSOLUTE
    ../clib/stdio.c                          0x00000000   Number         0  fputs_locked.o ABSOLUTE
    ../clib/stdio.c                          0x00000000   Number         0  ftell.o ABSOLUTE
    ../clib/stdio.c                          0x00000000   Number         0  setvbuf_locked.o ABSOLUTE
    ../clib/stdio.c                          0x00000000   Number         0  fclose.o ABSOLUTE
    ../clib/stdlib.c                         0x00000000   Number         0  exit.o ABSOLUTE
    ../clib/wchar.c                          0x00000000   Number         0  flsbuf_fwide.o ABSOLUTE
    ../fplib/daddsub.s                       0x00000000   Number         0  daddsub_clz.o ABSOLUTE
    ../fplib/dcmpi.s                         0x00000000   Number         0  dcmpi.o ABSOLUTE
    ../fplib/ddiv.s                          0x00000000   Number         0  ddiv.o ABSOLUTE
    ../fplib/dfixu.s                         0x00000000   Number         0  dfixu.o ABSOLUTE
    ../fplib/dflt.s                          0x00000000   Number         0  dflt_clz.o ABSOLUTE
    ../fplib/dleqf.s                         0x00000000   Number         0  dleqf.o ABSOLUTE
    ../fplib/dmul.s                          0x00000000   Number         0  dmul.o ABSOLUTE
    ../fplib/dnaninf.s                       0x00000000   Number         0  dnaninf.o ABSOLUTE
    ../fplib/dretinf.s                       0x00000000   Number         0  dretinf.o ABSOLUTE
    ../fplib/fpinit.s                        0x00000000   Number         0  fpinit.o ABSOLUTE
    ../fplib/istatus.s                       0x00000000   Number         0  istatus.o ABSOLUTE
    ../fplib/printf1.s                       0x00000000   Number         0  printf1.o ABSOLUTE
    ../fplib/usenofp.s                       0x00000000   Number         0  usenofp.o ABSOLUTE
    ../mathlib/fpclassify.c                  0x00000000   Number         0  fpclassify.o ABSOLUTE
    C:\Users\Wero\AppData\Local\Arm\Packs\Keil\ARM_Compiler\1.6.2\Source\retarget_io.c 0x00000000   Number         0  retarget_io.o ABSOLUTE
    RTE\Device\STM32F401RETx\startup_stm32f401xe.s 0x00000000   Number         0  startup_stm32f401xe.o ABSOLUTE
    RTE\Device\STM32F401RETx\system_stm32f4xx.c 0x00000000   Number         0  system_stm32f4xx.o ABSOLUTE
    RTE\\Device\\STM32F401RETx\\system_stm32f4xx.c 0x00000000   Number         0  system_stm32f4xx.o ABSOLUTE
    dc.s                                     0x00000000   Number         0  dc.o ABSOLUTE
    drivers\\gpio.c                          0x00000000   Number         0  gpio.o ABSOLUTE
    drivers\gpio.c                           0x00000000   Number         0  gpio.o ABSOLUTE
    src\\delay.c                             0x00000000   Number         0  delay.o ABSOLUTE
    src\\leds.c                              0x00000000   Number         0  leds.o ABSOLUTE
    src\\main.c                              0x00000000   Number         0  main.o ABSOLUTE
    src\delay.c                              0x00000000   Number         0  delay.o ABSOLUTE
    src\leds.c                               0x00000000   Number         0  leds.o ABSOLUTE
    src\main.c                               0x00000000   Number         0  main.o ABSOLUTE
    RESET                                    0x08000000   Section      404  startup_stm32f401xe.o(RESET)
    !!!main                                  0x08000194   Section        8  __main.o(!!!main)
    !!!scatter                               0x0800019c   Section       52  __scatter.o(!!!scatter)
    !!handler_copy                           0x080001d0   Section       26  __scatter_copy.o(!!handler_copy)
    !!handler_zi                             0x080001ec   Section       28  __scatter_zi.o(!!handler_zi)
    .ARM.Collect$$_printf_percent$$00000000  0x08000208   Section        0  _printf_percent.o(.ARM.Collect$$_printf_percent$$00000000)
    .ARM.Collect$$_printf_percent$$00000003  0x08000208   Section        6  _printf_f.o(.ARM.Collect$$_printf_percent$$00000003)
    .ARM.Collect$$_printf_percent$$00000009  0x0800020e   Section        6  _printf_d.o(.ARM.Collect$$_printf_percent$$00000009)
    .ARM.Collect$$_printf_percent$$00000017  0x08000214   Section        4  _printf_percent_end.o(.ARM.Collect$$_printf_percent$$00000017)
    .ARM.Collect$$libinit$$00000000          0x08000218   Section        2  libinit.o(.ARM.Collect$$libinit$$00000000)
    .ARM.Collect$$libinit$$00000001          0x0800021a   Section        4  libinit2.o(.ARM.Collect$$libinit$$00000001)
    .ARM.Collect$$libinit$$00000004          0x0800021e   Section        0  libinit2.o(.ARM.Collect$$libinit$$00000004)
    .ARM.Collect$$libinit$$00000005          0x0800021e   Section        8  libinit2.o(.ARM.Collect$$libinit$$00000005)
    .ARM.Collect$$libinit$$0000000A          0x08000226   Section        0  libinit2.o(.ARM.Collect$$libinit$$0000000A)
    .ARM.Collect$$libinit$$0000000C          0x08000226   Section        0  libinit2.o(.ARM.Collect$$libinit$$0000000C)
    .ARM.Collect$$libinit$$0000000E          0x08000226   Section        0  libinit2.o(.ARM.Collect$$libinit$$0000000E)
    .ARM.Collect$$libinit$$0000000F          0x08000226   Section        6  libinit2.o(.ARM.Collect$$libinit$$0000000F)
    .ARM.Collect$$libinit$$00000011          0x0800022c   Section        0  libinit2.o(.ARM.Collect$$libinit$$00000011)
    .ARM.Collect$$libinit$$00000013          0x0800022c   Section        0  libinit2.o(.ARM.Collect$$libinit$$00000013)
    .ARM.Collect$$libinit$$00000015          0x0800022c   Section        0  libinit2.o(.ARM.Collect$$libinit$$00000015)
    .ARM.Collect$$libinit$$00000016          0x0800022c   Section       10  libinit2.o(.ARM.Collect$$libinit$$00000016)
    .ARM.Collect$$libinit$$00000017          0x08000236   Section        0  libinit2.o(.ARM.Collect$$libinit$$00000017)
    .ARM.Collect$$libinit$$00000019          0x08000236   Section        0  libinit2.o(.ARM.Collect$$libinit$$00000019)
    .ARM.Collect$$libinit$$0000001B          0x08000236   Section        0  libinit2.o(.ARM.Collect$$libinit$$0000001B)
    .ARM.Collect$$libinit$$0000001D          0x08000236   Section        0  libinit2.o(.ARM.Collect$$libinit$$0000001D)
    .ARM.Collect$$libinit$$0000001F          0x08000236   Section        0  libinit2.o(.ARM.Collect$$libinit$$0000001F)
    .ARM.Collect$$libinit$$00000021          0x08000236   Section        0  libinit2.o(.ARM.Collect$$libinit$$00000021)
    .ARM.Collect$$libinit$$00000023          0x08000236   Section        0  libinit2.o(.ARM.Collect$$libinit$$00000023)
    .ARM.Collect$$libinit$$00000024          0x08000236   Section        4  libinit2.o(.ARM.Collect$$libinit$$00000024)
    .ARM.Collect$$libinit$$00000025          0x0800023a   Section        0  libinit2.o(.ARM.Collect$$libinit$$00000025)
    .ARM.Collect$$libinit$$0000002C          0x0800023a   Section        0  libinit2.o(.ARM.Collect$$libinit$$0000002C)
    .ARM.Collect$$libinit$$0000002E          0x0800023a   Section        0  libinit2.o(.ARM.Collect$$libinit$$0000002E)
    .ARM.Collect$$libinit$$00000030          0x0800023a   Section        0  libinit2.o(.ARM.Collect$$libinit$$00000030)
    .ARM.Collect$$libinit$$00000032          0x0800023a   Section        0  libinit2.o(.ARM.Collect$$libinit$$00000032)
    .ARM.Collect$$libinit$$00000033          0x0800023a   Section        2  libinit2.o(.ARM.Collect$$libinit$$00000033)
    .ARM.Collect$$libshutdown$$00000000      0x0800023c   Section        2  libshutdown.o(.ARM.Collect$$libshutdown$$00000000)
    .ARM.Collect$$libshutdown$$00000002      0x0800023e   Section        0  libshutdown2.o(.ARM.Collect$$libshutdown$$00000002)
    .ARM.Collect$$libshutdown$$00000003      0x0800023e   Section        4  libshutdown2.o(.ARM.Collect$$libshutdown$$00000003)
    .ARM.Collect$$libshutdown$$00000004      0x08000242   Section        0  libshutdown2.o(.ARM.Collect$$libshutdown$$00000004)
    .ARM.Collect$$libshutdown$$00000007      0x08000242   Section        0  libshutdown2.o(.ARM.Collect$$libshutdown$$00000007)
    .ARM.Collect$$libshutdown$$0000000A      0x08000242   Section        0  libshutdown2.o(.ARM.Collect$$libshutdown$$0000000A)
    .ARM.Collect$$libshutdown$$0000000C      0x08000242   Section        0  libshutdown2.o(.ARM.Collect$$libshutdown$$0000000C)
    .ARM.Collect$$libshutdown$$0000000F      0x08000242   Section        0  libshutdown2.o(.ARM.Collect$$libshutdown$$0000000F)
    .ARM.Collect$$libshutdown$$00000010      0x08000242   Section        2  libshutdown2.o(.ARM.Collect$$libshutdown$$00000010)
    .ARM.Collect$$rtentry$$00000000          0x08000244   Section        0  __rtentry.o(.ARM.Collect$$rtentry$$00000000)
    .ARM.Collect$$rtentry$$00000002          0x08000244   Section        0  __rtentry2.o(.ARM.Collect$$rtentry$$00000002)
    .ARM.Collect$$rtentry$$00000004          0x08000244   Section        6  __rtentry4.o(.ARM.Collect$$rtentry$$00000004)
    .ARM.Collect$$rtentry$$00000009          0x0800024a   Section        0  __rtentry2.o(.ARM.Collect$$rtentry$$00000009)
    .ARM.Collect$$rtentry$$0000000A          0x0800024a   Section        4  __rtentry2.o(.ARM.Collect$$rtentry$$0000000A)
    .ARM.Collect$$rtentry$$0000000C          0x0800024e   Section        0  __rtentry2.o(.ARM.Collect$$rtentry$$0000000C)
    .ARM.Collect$$rtentry$$0000000D          0x0800024e   Section        8  __rtentry2.o(.ARM.Collect$$rtentry$$0000000D)
    .ARM.Collect$$rtexit$$00000000           0x08000256   Section        2  rtexit.o(.ARM.Collect$$rtexit$$00000000)
    .ARM.Collect$$rtexit$$00000002           0x08000258   Section        0  rtexit2.o(.ARM.Collect$$rtexit$$00000002)
    .ARM.Collect$$rtexit$$00000003           0x08000258   Section        4  rtexit2.o(.ARM.Collect$$rtexit$$00000003)
    .ARM.Collect$$rtexit$$00000004           0x0800025c   Section        6  rtexit2.o(.ARM.Collect$$rtexit$$00000004)
    .emb_text                                0x08000264   Section       12  delay.o(.emb_text)
    $v0                                      0x08000264   Number         0  delay.o(.emb_text)
    .emb_text                                0x08000270   Section        0  maybetermalloc1.o(.emb_text)
    .text                                    0x08000270   Section       64  startup_stm32f401xe.o(.text)
    $v0                                      0x08000270   Number         0  startup_stm32f401xe.o(.text)
    .text                                    0x080002b0   Section        0  noretval__2printf.o(.text)
    .text                                    0x080002c8   Section        0  _printf_dec.o(.text)
    .text                                    0x08000340   Section        0  __printf_wp.o(.text)
    .text                                    0x0800044e   Section        0  exit.o(.text)
    .text                                    0x08000460   Section      128  strcmpv7m.o(.text)
    .text                                    0x080004e0   Section        0  heapauxi.o(.text)
    .text                                    0x080004e6   Section        0  _printf_intcommon.o(.text)
    .text                                    0x08000598   Section        0  _printf_fp_dec.o(.text)
    _fp_digits                               0x0800059b   Thumb Code   432  _printf_fp_dec.o(.text)
    .text                                    0x080009b8   Section        0  _printf_char_file.o(.text)
    .text                                    0x080009dc   Section        8  rt_locale_intlibspace.o(.text)
    .text                                    0x080009e4   Section      138  lludiv10.o(.text)
    .text                                    0x08000a70   Section        0  _printf_char_common.o(.text)
    _printf_input_char                       0x08000a71   Thumb Code    10  _printf_char_common.o(.text)
    .text                                    0x08000aa0   Section        0  _printf_fp_infnan.o(.text)
    .text                                    0x08000b20   Section        0  bigflt0.o(.text)
    .text                                    0x08000c04   Section        0  ferror.o(.text)
    .text                                    0x08000c0c   Section        0  initio.o(.text)
    .text                                    0x08000d44   Section        0  sys_exit.o(.text)
    .text                                    0x08000d50   Section        8  libspace.o(.text)
    .text                                    0x08000d58   Section       74  sys_stackheap_outer.o(.text)
    .text                                    0x08000da2   Section        0  h1_free.o(.text)
    .text                                    0x08000df0   Section        0  flsbuf.o(.text)
    .text                                    0x08000fc6   Section        0  setvbuf.o(.text)
    .text                                    0x0800100c   Section        0  fopen.o(.text)
    _freopen_locked                          0x0800100d   Thumb Code     0  fopen.o(.text)
    .text                                    0x080010f8   Section        0  fclose.o(.text)
    .text                                    0x08001144   Section        0  defsig_rtred_outer.o(.text)
    .text                                    0x08001152   Section       78  rt_memclr_w.o(.text)
    .text                                    0x080011a0   Section        2  use_no_semi.o(.text)
    .text                                    0x080011a2   Section        0  indicate_semi.o(.text)
    .text                                    0x080011a4   Section        8  rt_heap_descriptor_intlibspace.o(.text)
    .text                                    0x080011ac   Section        0  hguard.o(.text)
    .text                                    0x080011b0   Section        0  init_alloc.o(.text)
    .text                                    0x0800123a   Section        0  h1_alloc.o(.text)
    .text                                    0x08001298   Section        0  fseek.o(.text)
    .text                                    0x08001390   Section        0  stdio.o(.text)
    .text                                    0x08001480   Section        0  defsig_exit.o(.text)
    .text                                    0x0800148c   Section        0  defsig_rtred_inner.o(.text)
    .text                                    0x080014c0   Section        0  h1_init.o(.text)
    .text                                    0x080014ce   Section        0  h1_extend.o(.text)
    .text                                    0x08001502   Section        0  ftell.o(.text)
    .text                                    0x08001544   Section        0  defsig_general.o(.text)
    .text                                    0x08001576   Section        0  defsig_rtmem_outer.o(.text)
    .text                                    0x08001584   Section        0  sys_wrch.o(.text)
    .text                                    0x08001594   Section        8  rt_errno_addr_intlibspace.o(.text)
    .text                                    0x0800159c   Section        0  defsig_rtmem_inner.o(.text)
    CL$$btod_d2e                             0x080015ec   Section       62  btod.o(CL$$btod_d2e)
    CL$$btod_d2e_denorm_low                  0x0800162a   Section       70  btod.o(CL$$btod_d2e_denorm_low)
    CL$$btod_d2e_norm_op1                    0x08001670   Section       96  btod.o(CL$$btod_d2e_norm_op1)
    CL$$btod_div_common                      0x080016d0   Section      824  btod.o(CL$$btod_div_common)
    CL$$btod_e2e                             0x08001a08   Section      220  btod.o(CL$$btod_e2e)
    CL$$btod_ediv                            0x08001ae4   Section       42  btod.o(CL$$btod_ediv)
    CL$$btod_emul                            0x08001b0e   Section       42  btod.o(CL$$btod_emul)
    CL$$btod_mult_common                     0x08001b38   Section      580  btod.o(CL$$btod_mult_common)
    i.EXTI0_IRQHandler                       0x08001d7c   Section        0  gpio.o(i.EXTI0_IRQHandler)
    i.EXTI15_10_IRQHandler                   0x08001de8   Section        0  gpio.o(i.EXTI15_10_IRQHandler)
    i.EXTI1_IRQHandler                       0x08001e54   Section        0  gpio.o(i.EXTI1_IRQHandler)
    i.EXTI2_IRQHandler                       0x08001ec0   Section        0  gpio.o(i.EXTI2_IRQHandler)
    i.EXTI3_IRQHandler                       0x08001f2c   Section        0  gpio.o(i.EXTI3_IRQHandler)
    i.EXTI4_IRQHandler                       0x08001f98   Section        0  gpio.o(i.EXTI4_IRQHandler)
    i.EXTI9_5_IRQHandler                     0x08002004   Section        0  gpio.o(i.EXTI9_5_IRQHandler)
    i.ITM_SendChar                           0x08002070   Section        0  retarget_io.o(i.ITM_SendChar)
    i.NVIC_EncodePriority                    0x080020a0   Section        0  gpio.o(i.NVIC_EncodePriority)
    NVIC_EncodePriority                      0x080020a1   Thumb Code    64  gpio.o(i.NVIC_EncodePriority)
    i.SystemInit                             0x080020e0   Section        0  system_stm32f4xx.o(i.SystemInit)
    i.__ARM_fpclassify                       0x08002144   Section        0  fpclassify.o(i.__ARM_fpclassify)
    i.__NVIC_ClearPendingIRQ                 0x08002174   Section        0  gpio.o(i.__NVIC_ClearPendingIRQ)
    __NVIC_ClearPendingIRQ                   0x08002175   Thumb Code    22  gpio.o(i.__NVIC_ClearPendingIRQ)
    i.__NVIC_EnableIRQ                       0x08002190   Section        0  gpio.o(i.__NVIC_EnableIRQ)
    __NVIC_EnableIRQ                         0x08002191   Thumb Code    34  gpio.o(i.__NVIC_EnableIRQ)
    i.__NVIC_GetPriorityGrouping             0x080021b4   Section        0  gpio.o(i.__NVIC_GetPriorityGrouping)
    __NVIC_GetPriorityGrouping               0x080021b5   Thumb Code    10  gpio.o(i.__NVIC_GetPriorityGrouping)
    i.__NVIC_SetPriority                     0x080021c4   Section        0  gpio.o(i.__NVIC_SetPriority)
    __NVIC_SetPriority                       0x080021c5   Thumb Code    32  gpio.o(i.__NVIC_SetPriority)
    i._is_digit                              0x080021ec   Section        0  __printf_wp.o(i._is_digit)
    i._sys_close                             0x080021fa   Section        0  retarget_io.o(i._sys_close)
    i._sys_flen                              0x08002220   Section        0  retarget_io.o(i._sys_flen)
    i._sys_istty                             0x08002244   Section        0  retarget_io.o(i._sys_istty)
    i._sys_open                              0x08002268   Section        0  retarget_io.o(i._sys_open)
    i._sys_seek                              0x080022d0   Section        0  retarget_io.o(i._sys_seek)
    i._sys_write                             0x080022fc   Section        0  retarget_io.o(i._sys_write)
    i.button_press_isr                       0x08002344   Section        0  main.o(i.button_press_isr)
    i.delay_ms                               0x08002510   Section        0  delay.o(i.delay_ms)
    i.fputc                                  0x08002564   Section        0  fputc.o(i.fputc)
    i.gpio_set                               0x08002580   Section        0  gpio.o(i.gpio_set)
    i.gpio_set_callback                      0x080025a4   Section        0  gpio.o(i.gpio_set_callback)
    i.gpio_set_mode                          0x08002830   Section        0  gpio.o(i.gpio_set_mode)
    i.gpio_set_trigger                       0x0800295c   Section        0  gpio.o(i.gpio_set_trigger)
    i.leds_init                              0x080029dc   Section        0  leds.o(i.leds_init)
    i.leds_set                               0x080029ee   Section        0  leds.o(i.leds_set)
    i.main                                   0x08002a04   Section        0  main.o(i.main)
    i.stdout_putchar                         0x08002df0   Section        0  retarget_io.o(i.stdout_putchar)
    stdout_putchar                           0x08002df1   Thumb Code    12  retarget_io.o(i.stdout_putchar)
    locale$$code                             0x08002dfc   Section       44  lc_numeric_c.o(locale$$code)
    x$fpl$dadd                               0x08002e28   Section      336  daddsub_clz.o(x$fpl$dadd)
    $v0                                      0x08002e28   Number         0  daddsub_clz.o(x$fpl$dadd)
    _dadd1                                   0x08002e39   Thumb Code     0  daddsub_clz.o(x$fpl$dadd)
    x$fpl$dcmpinf                            0x08002f78   Section       24  dcmpi.o(x$fpl$dcmpinf)
    $v0                                      0x08002f78   Number         0  dcmpi.o(x$fpl$dcmpinf)
    x$fpl$ddiv                               0x08002f90   Section      688  ddiv.o(x$fpl$ddiv)
    $v0                                      0x08002f90   Number         0  ddiv.o(x$fpl$ddiv)
    ddiv_entry                               0x08002f97   Thumb Code     0  ddiv.o(x$fpl$ddiv)
    x$fpl$dfixu                              0x08003240   Section       90  dfixu.o(x$fpl$dfixu)
    $v0                                      0x08003240   Number         0  dfixu.o(x$fpl$dfixu)
    x$fpl$dflt                               0x0800329a   Section       46  dflt_clz.o(x$fpl$dflt)
    $v0                                      0x0800329a   Number         0  dflt_clz.o(x$fpl$dflt)
    x$fpl$dfltu                              0x080032c8   Section       38  dflt_clz.o(x$fpl$dfltu)
    $v0                                      0x080032c8   Number         0  dflt_clz.o(x$fpl$dfltu)
    x$fpl$dleqf                              0x080032f0   Section      120  dleqf.o(x$fpl$dleqf)
    $v0                                      0x080032f0   Number         0  dleqf.o(x$fpl$dleqf)
    x$fpl$dmul                               0x08003368   Section      340  dmul.o(x$fpl$dmul)
    $v0                                      0x08003368   Number         0  dmul.o(x$fpl$dmul)
    x$fpl$dnaninf                            0x080034bc   Section      156  dnaninf.o(x$fpl$dnaninf)
    $v0                                      0x080034bc   Number         0  dnaninf.o(x$fpl$dnaninf)
    x$fpl$dretinf                            0x08003558   Section       12  dretinf.o(x$fpl$dretinf)
    $v0                                      0x08003558   Number         0  dretinf.o(x$fpl$dretinf)
    x$fpl$dsub                               0x08003564   Section      468  daddsub_clz.o(x$fpl$dsub)
    $v0                                      0x08003564   Number         0  daddsub_clz.o(x$fpl$dsub)
    _dsub1                                   0x08003575   Thumb Code     0  daddsub_clz.o(x$fpl$dsub)
    x$fpl$fpinit                             0x08003738   Section       10  fpinit.o(x$fpl$fpinit)
    $v0                                      0x08003738   Number         0  fpinit.o(x$fpl$fpinit)
    x$fpl$printf1                            0x08003742   Section        4  printf1.o(x$fpl$printf1)
    $v0                                      0x08003742   Number         0  printf1.o(x$fpl$printf1)
    .constdata                               0x08003746   Section       23  retarget_io.o(.constdata)
    x$fpl$usenofp                            0x08003746   Section        0  usenofp.o(x$fpl$usenofp)
    .constdata                               0x08003760   Section      148  bigflt0.o(.constdata)
    tenpwrs_x                                0x08003760   Data          60  bigflt0.o(.constdata)
    tenpwrs_i                                0x0800379c   Data          64  bigflt0.o(.constdata)
    .conststring                             0x080037f4   Section      385  main.o(.conststring)
    locale$$data                             0x08003998   Section       28  lc_numeric_c.o(locale$$data)
    __lcnum_c_name                           0x0800399c   Data           2  lc_numeric_c.o(locale$$data)
    __lcnum_c_start                          0x080039a4   Data           0  lc_numeric_c.o(locale$$data)
    __lcnum_c_point                          0x080039b0   Data           0  lc_numeric_c.o(locale$$data)
    __lcnum_c_thousands                      0x080039b2   Data           0  lc_numeric_c.o(locale$$data)
    __lcnum_c_grouping                       0x080039b3   Data           0  lc_numeric_c.o(locale$$data)
    __lcnum_c_end                            0x080039b4   Data           0  lc_numeric_c.o(locale$$data)
    .data                                    0x20000000   Section       28  main.o(.data)
    start                                    0x20000000   Data           4  main.o(.data)
    stop                                     0x20000004   Data           4  main.o(.data)
    delta                                    0x20000008   Data           4  main.o(.data)
    mean_of_this_time                        0x2000000c   Data           4  main.o(.data)
    mean_of_5_times                          0x20000010   Data           4  main.o(.data)
    counter                                  0x20000014   Data           4  main.o(.data)
    flag                                     0x20000018   Data           4  main.o(.data)
    .data                                    0x2000001c   Section       28  gpio.o(.data)
    GPIO_callback                            0x20000034   Data           4  gpio.o(.data)
    .data                                    0x20000038   Section        4  system_stm32f4xx.o(.data)
    .data                                    0x2000003c   Section        4  stdio_streams.o(.data)
    .data                                    0x20000040   Section        4  stdio_streams.o(.data)
    .data                                    0x20000044   Section        4  stdio_streams.o(.data)
    .bss                                     0x20000048   Section       84  stdio_streams.o(.bss)
    .bss                                     0x2000009c   Section       84  stdio_streams.o(.bss)
    .bss                                     0x200000f0   Section       84  stdio_streams.o(.bss)
    .bss                                     0x20000144   Section       96  libspace.o(.bss)
    HEAP                                     0x200001a8   Section      512  startup_stm32f401xe.o(HEAP)
    Heap_Mem                                 0x200001a8   Data         512  startup_stm32f401xe.o(HEAP)
    STACK                                    0x200003a8   Section     1024  startup_stm32f401xe.o(STACK)
    Stack_Mem                                0x200003a8   Data        1024  startup_stm32f401xe.o(STACK)
    __initial_sp                             0x200007a8   Data           0  startup_stm32f401xe.o(STACK)

    Global Symbols

    Symbol Name                              Value     Ov Type        Size  Object(Section)

    BuildAttributes$$THM_ISAv4$E$P$D$K$B$S$7EM$VFPi3$EXTD16$VFPS$VFMA$PE$A:L22UL41UL21$X:L11$S22US41US21$IEEE1$IW$USESV6$~STKCKD$USESV7$~SHL$OTIME$ROPI$IEEEJ$EBA8$UX$STANDARDLIB$REQ8$PRES8$EABIv2 0x00000000   Number         0  anon$$obj.o ABSOLUTE
    __ARM_use_no_argv                        0x00000000   Number         0  main.o ABSOLUTE
    _printf_flags                            0x00000000   Number         0  printf_stubs.o ABSOLUTE
    _printf_return_value                     0x00000000   Number         0  printf_stubs.o ABSOLUTE
    _printf_sizespec                         0x00000000   Number         0  printf_stubs.o ABSOLUTE
    _printf_widthprec                        0x00000000   Number         0  printf_stubs.o ABSOLUTE
    __ARM_exceptions_init                     - Undefined Weak Reference
    __alloca_initialize                       - Undefined Weak Reference
    __arm_preinit_                            - Undefined Weak Reference
    __cpp_initialize__aeabi_                  - Undefined Weak Reference
    __cxa_finalize                            - Undefined Weak Reference
    __sigvec_lookup                           - Undefined Weak Reference
    __user_heap_extent                        - Undefined Weak Reference
    _atexit_init                              - Undefined Weak Reference
    _call_atexit_fns                          - Undefined Weak Reference
    _clock_init                               - Undefined Weak Reference
    _fp_trap_init                             - Undefined Weak Reference
    _fp_trap_shutdown                         - Undefined Weak Reference
    _get_lc_collate                           - Undefined Weak Reference
    _get_lc_ctype                             - Undefined Weak Reference
    _get_lc_monetary                          - Undefined Weak Reference
    _get_lc_time                              - Undefined Weak Reference
    _getenv_init                              - Undefined Weak Reference
    _handle_redirection                       - Undefined Weak Reference
    _mutex_acquire                            - Undefined Weak Reference
    _mutex_free                               - Undefined Weak Reference
    _mutex_release                            - Undefined Weak Reference
    _printf_post_padding                      - Undefined Weak Reference
    _printf_pre_padding                       - Undefined Weak Reference
    _printf_truncate_signed                   - Undefined Weak Reference
    _printf_truncate_unsigned                 - Undefined Weak Reference
    _rand_init                                - Undefined Weak Reference
    _signal_finish                            - Undefined Weak Reference
    _signal_init                              - Undefined Weak Reference
    __Vectors_Size                           0x00000194   Number         0  startup_stm32f401xe.o ABSOLUTE
    __Vectors                                0x08000000   Data           4  startup_stm32f401xe.o(RESET)
    __Vectors_End                            0x08000194   Data           0  startup_stm32f401xe.o(RESET)
    __main                                   0x08000195   Thumb Code     8  __main.o(!!!main)
    __scatterload                            0x0800019d   Thumb Code     0  __scatter.o(!!!scatter)
    __scatterload_rt2                        0x0800019d   Thumb Code    44  __scatter.o(!!!scatter)
    __scatterload_rt2_thumb_only             0x0800019d   Thumb Code     0  __scatter.o(!!!scatter)
    __scatterload_null                       0x080001ab   Thumb Code     0  __scatter.o(!!!scatter)
    __scatterload_copy                       0x080001d1   Thumb Code    26  __scatter_copy.o(!!handler_copy)
    __scatterload_zeroinit                   0x080001ed   Thumb Code    28  __scatter_zi.o(!!handler_zi)
    _printf_f                                0x08000209   Thumb Code     0  _printf_f.o(.ARM.Collect$$_printf_percent$$00000003)
    _printf_percent                          0x08000209   Thumb Code     0  _printf_percent.o(.ARM.Collect$$_printf_percent$$00000000)
    _printf_d                                0x0800020f   Thumb Code     0  _printf_d.o(.ARM.Collect$$_printf_percent$$00000009)
    _printf_percent_end                      0x08000215   Thumb Code     0  _printf_percent_end.o(.ARM.Collect$$_printf_percent$$00000017)
    __rt_lib_init                            0x08000219   Thumb Code     0  libinit.o(.ARM.Collect$$libinit$$00000000)
    __rt_lib_init_fp_1                       0x0800021b   Thumb Code     0  libinit2.o(.ARM.Collect$$libinit$$00000001)
    __rt_lib_init_heap_2                     0x0800021f   Thumb Code     0  libinit2.o(.ARM.Collect$$libinit$$00000005)
    __rt_lib_init_preinit_1                  0x0800021f   Thumb Code     0  libinit2.o(.ARM.Collect$$libinit$$00000004)
    __rt_lib_init_heap_1                     0x08000227   Thumb Code     0  libinit2.o(.ARM.Collect$$libinit$$0000000A)
    __rt_lib_init_lc_common                  0x08000227   Thumb Code     0  libinit2.o(.ARM.Collect$$libinit$$0000000F)
    __rt_lib_init_rand_1                     0x08000227   Thumb Code     0  libinit2.o(.ARM.Collect$$libinit$$0000000E)
    __rt_lib_init_user_alloc_1               0x08000227   Thumb Code     0  libinit2.o(.ARM.Collect$$libinit$$0000000C)
    __rt_lib_init_lc_collate_1               0x0800022d   Thumb Code     0  libinit2.o(.ARM.Collect$$libinit$$00000011)
    __rt_lib_init_lc_ctype_1                 0x0800022d   Thumb Code     0  libinit2.o(.ARM.Collect$$libinit$$00000013)
    __rt_lib_init_lc_monetary_1              0x0800022d   Thumb Code     0  libinit2.o(.ARM.Collect$$libinit$$00000015)
    __rt_lib_init_lc_numeric_2               0x0800022d   Thumb Code     0  libinit2.o(.ARM.Collect$$libinit$$00000016)
    __rt_lib_init_atexit_1                   0x08000237   Thumb Code     0  libinit2.o(.ARM.Collect$$libinit$$0000001B)
    __rt_lib_init_clock_1                    0x08000237   Thumb Code     0  libinit2.o(.ARM.Collect$$libinit$$00000021)
    __rt_lib_init_fp_trap_1                  0x08000237   Thumb Code     0  libinit2.o(.ARM.Collect$$libinit$$0000001F)
    __rt_lib_init_getenv_1                   0x08000237   Thumb Code     0  libinit2.o(.ARM.Collect$$libinit$$00000023)
    __rt_lib_init_lc_numeric_1               0x08000237   Thumb Code     0  libinit2.o(.ARM.Collect$$libinit$$00000017)
    __rt_lib_init_lc_time_1                  0x08000237   Thumb Code     0  libinit2.o(.ARM.Collect$$libinit$$00000019)
    __rt_lib_init_signal_1                   0x08000237   Thumb Code     0  libinit2.o(.ARM.Collect$$libinit$$0000001D)
    __rt_lib_init_stdio_2                    0x08000237   Thumb Code     0  libinit2.o(.ARM.Collect$$libinit$$00000024)
    __rt_lib_init_alloca_1                   0x0800023b   Thumb Code     0  libinit2.o(.ARM.Collect$$libinit$$0000002E)
    __rt_lib_init_argv_1                     0x0800023b   Thumb Code     0  libinit2.o(.ARM.Collect$$libinit$$0000002C)
    __rt_lib_init_cpp_1                      0x0800023b   Thumb Code     0  libinit2.o(.ARM.Collect$$libinit$$00000032)
    __rt_lib_init_exceptions_1               0x0800023b   Thumb Code     0  libinit2.o(.ARM.Collect$$libinit$$00000030)
    __rt_lib_init_return                     0x0800023b   Thumb Code     0  libinit2.o(.ARM.Collect$$libinit$$00000033)
    __rt_lib_init_stdio_1                    0x0800023b   Thumb Code     0  libinit2.o(.ARM.Collect$$libinit$$00000025)
    __rt_lib_shutdown                        0x0800023d   Thumb Code     0  libshutdown.o(.ARM.Collect$$libshutdown$$00000000)
    __rt_lib_shutdown_cpp_1                  0x0800023f   Thumb Code     0  libshutdown2.o(.ARM.Collect$$libshutdown$$00000002)
    __rt_lib_shutdown_stdio_2                0x0800023f   Thumb Code     0  libshutdown2.o(.ARM.Collect$$libshutdown$$00000003)
    __rt_lib_shutdown_fp_trap_1              0x08000243   Thumb Code     0  libshutdown2.o(.ARM.Collect$$libshutdown$$00000007)
    __rt_lib_shutdown_heap_1                 0x08000243   Thumb Code     0  libshutdown2.o(.ARM.Collect$$libshutdown$$0000000F)
    __rt_lib_shutdown_return                 0x08000243   Thumb Code     0  libshutdown2.o(.ARM.Collect$$libshutdown$$00000010)
    __rt_lib_shutdown_signal_1               0x08000243   Thumb Code     0  libshutdown2.o(.ARM.Collect$$libshutdown$$0000000A)
    __rt_lib_shutdown_stdio_1                0x08000243   Thumb Code     0  libshutdown2.o(.ARM.Collect$$libshutdown$$00000004)
    __rt_lib_shutdown_user_alloc_1           0x08000243   Thumb Code     0  libshutdown2.o(.ARM.Collect$$libshutdown$$0000000C)
    __rt_entry                               0x08000245   Thumb Code     0  __rtentry.o(.ARM.Collect$$rtentry$$00000000)
    __rt_entry_presh_1                       0x08000245   Thumb Code     0  __rtentry2.o(.ARM.Collect$$rtentry$$00000002)
    __rt_entry_sh                            0x08000245   Thumb Code     0  __rtentry4.o(.ARM.Collect$$rtentry$$00000004)
    __rt_entry_li                            0x0800024b   Thumb Code     0  __rtentry2.o(.ARM.Collect$$rtentry$$0000000A)
    __rt_entry_postsh_1                      0x0800024b   Thumb Code     0  __rtentry2.o(.ARM.Collect$$rtentry$$00000009)
    __rt_entry_main                          0x0800024f   Thumb Code     0  __rtentry2.o(.ARM.Collect$$rtentry$$0000000D)
    __rt_entry_postli_1                      0x0800024f   Thumb Code     0  __rtentry2.o(.ARM.Collect$$rtentry$$0000000C)
    __rt_exit                                0x08000257   Thumb Code     0  rtexit.o(.ARM.Collect$$rtexit$$00000000)
    __rt_exit_ls                             0x08000259   Thumb Code     0  rtexit2.o(.ARM.Collect$$rtexit$$00000003)
    __rt_exit_prels_1                        0x08000259   Thumb Code     0  rtexit2.o(.ARM.Collect$$rtexit$$00000002)
    __rt_exit_exit                           0x0800025d   Thumb Code     0  rtexit2.o(.ARM.Collect$$rtexit$$00000004)
    delay_cycles                             0x08000265   Thumb Code    12  delay.o(.emb_text)
    Reset_Handler                            0x08000271   Thumb Code     8  startup_stm32f401xe.o(.text)
    _maybe_terminate_alloc                   0x08000271   Thumb Code     0  maybetermalloc1.o(.emb_text)
    NMI_Handler                              0x08000279   Thumb Code     2  startup_stm32f401xe.o(.text)
    HardFault_Handler                        0x0800027b   Thumb Code     2  startup_stm32f401xe.o(.text)
    MemManage_Handler                        0x0800027d   Thumb Code     2  startup_stm32f401xe.o(.text)
    BusFault_Handler                         0x0800027f   Thumb Code     2  startup_stm32f401xe.o(.text)
    UsageFault_Handler                       0x08000281   Thumb Code     2  startup_stm32f401xe.o(.text)
    SVC_Handler                              0x08000283   Thumb Code     2  startup_stm32f401xe.o(.text)
    DebugMon_Handler                         0x08000285   Thumb Code     2  startup_stm32f401xe.o(.text)
    PendSV_Handler                           0x08000287   Thumb Code     2  startup_stm32f401xe.o(.text)
    SysTick_Handler                          0x08000289   Thumb Code     2  startup_stm32f401xe.o(.text)
    ADC_IRQHandler                           0x0800028b   Thumb Code     0  startup_stm32f401xe.o(.text)
    DMA1_Stream0_IRQHandler                  0x0800028b   Thumb Code     0  startup_stm32f401xe.o(.text)
    DMA1_Stream1_IRQHandler                  0x0800028b   Thumb Code     0  startup_stm32f401xe.o(.text)
    DMA1_Stream2_IRQHandler                  0x0800028b   Thumb Code     0  startup_stm32f401xe.o(.text)
    DMA1_Stream3_IRQHandler                  0x0800028b   Thumb Code     0  startup_stm32f401xe.o(.text)
    DMA1_Stream4_IRQHandler                  0x0800028b   Thumb Code     0  startup_stm32f401xe.o(.text)
    DMA1_Stream5_IRQHandler                  0x0800028b   Thumb Code     0  startup_stm32f401xe.o(.text)
    DMA1_Stream6_IRQHandler                  0x0800028b   Thumb Code     0  startup_stm32f401xe.o(.text)
    DMA1_Stream7_IRQHandler                  0x0800028b   Thumb Code     0  startup_stm32f401xe.o(.text)
    DMA2_Stream0_IRQHandler                  0x0800028b   Thumb Code     0  startup_stm32f401xe.o(.text)
    DMA2_Stream1_IRQHandler                  0x0800028b   Thumb Code     0  startup_stm32f401xe.o(.text)
    DMA2_Stream2_IRQHandler                  0x0800028b   Thumb Code     0  startup_stm32f401xe.o(.text)
    DMA2_Stream3_IRQHandler                  0x0800028b   Thumb Code     0  startup_stm32f401xe.o(.text)
    DMA2_Stream4_IRQHandler                  0x0800028b   Thumb Code     0  startup_stm32f401xe.o(.text)
    DMA2_Stream5_IRQHandler                  0x0800028b   Thumb Code     0  startup_stm32f401xe.o(.text)
    DMA2_Stream6_IRQHandler                  0x0800028b   Thumb Code     0  startup_stm32f401xe.o(.text)
    DMA2_Stream7_IRQHandler                  0x0800028b   Thumb Code     0  startup_stm32f401xe.o(.text)
    FLASH_IRQHandler                         0x0800028b   Thumb Code     0  startup_stm32f401xe.o(.text)
    FPU_IRQHandler                           0x0800028b   Thumb Code     0  startup_stm32f401xe.o(.text)
    I2C1_ER_IRQHandler                       0x0800028b   Thumb Code     0  startup_stm32f401xe.o(.text)
    I2C1_EV_IRQHandler                       0x0800028b   Thumb Code     0  startup_stm32f401xe.o(.text)
    I2C2_ER_IRQHandler                       0x0800028b   Thumb Code     0  startup_stm32f401xe.o(.text)
    I2C2_EV_IRQHandler                       0x0800028b   Thumb Code     0  startup_stm32f401xe.o(.text)
    I2C3_ER_IRQHandler                       0x0800028b   Thumb Code     0  startup_stm32f401xe.o(.text)
    I2C3_EV_IRQHandler                       0x0800028b   Thumb Code     0  startup_stm32f401xe.o(.text)
    OTG_FS_IRQHandler                        0x0800028b   Thumb Code     0  startup_stm32f401xe.o(.text)
    OTG_FS_WKUP_IRQHandler                   0x0800028b   Thumb Code     0  startup_stm32f401xe.o(.text)
    PVD_IRQHandler                           0x0800028b   Thumb Code     0  startup_stm32f401xe.o(.text)
    RCC_IRQHandler                           0x0800028b   Thumb Code     0  startup_stm32f401xe.o(.text)
    RTC_Alarm_IRQHandler                     0x0800028b   Thumb Code     0  startup_stm32f401xe.o(.text)
    RTC_WKUP_IRQHandler                      0x0800028b   Thumb Code     0  startup_stm32f401xe.o(.text)
    SDIO_IRQHandler                          0x0800028b   Thumb Code     0  startup_stm32f401xe.o(.text)
    SPI1_IRQHandler                          0x0800028b   Thumb Code     0  startup_stm32f401xe.o(.text)
    SPI2_IRQHandler                          0x0800028b   Thumb Code     0  startup_stm32f401xe.o(.text)
    SPI3_IRQHandler                          0x0800028b   Thumb Code     0  startup_stm32f401xe.o(.text)
    SPI4_IRQHandler                          0x0800028b   Thumb Code     0  startup_stm32f401xe.o(.text)
    TAMP_STAMP_IRQHandler                    0x0800028b   Thumb Code     0  startup_stm32f401xe.o(.text)
    TIM1_BRK_TIM9_IRQHandler                 0x0800028b   Thumb Code     0  startup_stm32f401xe.o(.text)
    TIM1_CC_IRQHandler                       0x0800028b   Thumb Code     0  startup_stm32f401xe.o(.text)
    TIM1_TRG_COM_TIM11_IRQHandler            0x0800028b   Thumb Code     0  startup_stm32f401xe.o(.text)
    TIM1_UP_TIM10_IRQHandler                 0x0800028b   Thumb Code     0  startup_stm32f401xe.o(.text)
    TIM2_IRQHandler                          0x0800028b   Thumb Code     0  startup_stm32f401xe.o(.text)
    TIM3_IRQHandler                          0x0800028b   Thumb Code     0  startup_stm32f401xe.o(.text)
    TIM4_IRQHandler                          0x0800028b   Thumb Code     0  startup_stm32f401xe.o(.text)
    TIM5_IRQHandler                          0x0800028b   Thumb Code     0  startup_stm32f401xe.o(.text)
    USART1_IRQHandler                        0x0800028b   Thumb Code     0  startup_stm32f401xe.o(.text)
    USART2_IRQHandler                        0x0800028b   Thumb Code     0  startup_stm32f401xe.o(.text)
    USART6_IRQHandler                        0x0800028b   Thumb Code     0  startup_stm32f401xe.o(.text)
    WWDG_IRQHandler                          0x0800028b   Thumb Code     0  startup_stm32f401xe.o(.text)
    __user_initial_stackheap                 0x0800028d   Thumb Code     0  startup_stm32f401xe.o(.text)
    __2printf                                0x080002b1   Thumb Code    20  noretval__2printf.o(.text)
    _printf_int_dec                          0x080002c9   Thumb Code   104  _printf_dec.o(.text)
    __printf                                 0x08000341   Thumb Code   270  __printf_wp.o(.text)
    exit                                     0x0800044f   Thumb Code    18  exit.o(.text)
    strcmp                                   0x08000461   Thumb Code   128  strcmpv7m.o(.text)
    __use_two_region_memory                  0x080004e1   Thumb Code     2  heapauxi.o(.text)
    __rt_heap_escrow                         0x080004e3   Thumb Code     2  heapauxi.o(.text)
    __rt_heap_expand                         0x080004e5   Thumb Code     2  heapauxi.o(.text)
    _printf_int_common                       0x080004e7   Thumb Code   178  _printf_intcommon.o(.text)
    __lib_sel_fp_printf                      0x08000599   Thumb Code     2  _printf_fp_dec.o(.text)
    _printf_fp_dec_real                      0x0800074b   Thumb Code   620  _printf_fp_dec.o(.text)
    _printf_char_file                        0x080009b9   Thumb Code    32  _printf_char_file.o(.text)
    __rt_locale                              0x080009dd   Thumb Code     8  rt_locale_intlibspace.o(.text)
    _ll_udiv10                               0x080009e5   Thumb Code   138  lludiv10.o(.text)
    _printf_char_common                      0x08000a7b   Thumb Code    32  _printf_char_common.o(.text)
    _printf_fp_infnan                        0x08000aa1   Thumb Code   112  _printf_fp_infnan.o(.text)
    _btod_etento                             0x08000b21   Thumb Code   224  bigflt0.o(.text)
    ferror                                   0x08000c05   Thumb Code     8  ferror.o(.text)
    _initio                                  0x08000c0d   Thumb Code   210  initio.o(.text)
    _terminateio                             0x08000cdf   Thumb Code    56  initio.o(.text)
    _sys_exit                                0x08000d45   Thumb Code     8  sys_exit.o(.text)
    __user_libspace                          0x08000d51   Thumb Code     8  libspace.o(.text)
    __user_perproc_libspace                  0x08000d51   Thumb Code     0  libspace.o(.text)
    __user_perthread_libspace                0x08000d51   Thumb Code     0  libspace.o(.text)
    __user_setup_stackheap                   0x08000d59   Thumb Code    74  sys_stackheap_outer.o(.text)
    free                                     0x08000da3   Thumb Code    78  h1_free.o(.text)
    __flsbuf                                 0x08000df1   Thumb Code   470  flsbuf.o(.text)
    __flsbuf_byte                            0x08000df1   Thumb Code     0  flsbuf.o(.text)
    __flsbuf_wide                            0x08000df1   Thumb Code     0  flsbuf.o(.text)
    setvbuf                                  0x08000fc7   Thumb Code    70  setvbuf.o(.text)
    freopen                                  0x0800100d   Thumb Code   158  fopen.o(.text)
    fopen                                    0x080010ab   Thumb Code    74  fopen.o(.text)
    _fclose_internal                         0x080010f9   Thumb Code    76  fclose.o(.text)
    fclose                                   0x080010f9   Thumb Code     0  fclose.o(.text)
    __rt_SIGRTRED                            0x08001145   Thumb Code    14  defsig_rtred_outer.o(.text)
    __aeabi_memclr4                          0x08001153   Thumb Code     0  rt_memclr_w.o(.text)
    __aeabi_memclr8                          0x08001153   Thumb Code     0  rt_memclr_w.o(.text)
    __rt_memclr_w                            0x08001153   Thumb Code    78  rt_memclr_w.o(.text)
    _memset_w                                0x08001157   Thumb Code     0  rt_memclr_w.o(.text)
    __I$use$semihosting                      0x080011a1   Thumb Code     0  use_no_semi.o(.text)
    __use_no_semihosting_swi                 0x080011a1   Thumb Code     2  use_no_semi.o(.text)
    __semihosting_library_function           0x080011a3   Thumb Code     0  indicate_semi.o(.text)
    __rt_heap_descriptor                     0x080011a5   Thumb Code     8  rt_heap_descriptor_intlibspace.o(.text)
    __use_no_heap                            0x080011ad   Thumb Code     2  hguard.o(.text)
    __heap$guard                             0x080011af   Thumb Code     2  hguard.o(.text)
    _terminate_user_alloc                    0x080011b1   Thumb Code     2  init_alloc.o(.text)
    _init_user_alloc                         0x080011b3   Thumb Code     2  init_alloc.o(.text)
    __Heap_Full                              0x080011b5   Thumb Code    34  init_alloc.o(.text)
    __Heap_Broken                            0x080011d7   Thumb Code     6  init_alloc.o(.text)
    _init_alloc                              0x080011dd   Thumb Code    94  init_alloc.o(.text)
    malloc                                   0x0800123b   Thumb Code    94  h1_alloc.o(.text)
    _fseek                                   0x08001299   Thumb Code   242  fseek.o(.text)
    fseek                                    0x08001299   Thumb Code     0  fseek.o(.text)
    _seterr                                  0x08001391   Thumb Code    20  stdio.o(.text)
    _writebuf                                0x080013a5   Thumb Code    84  stdio.o(.text)
    _fflush                                  0x080013f9   Thumb Code    70  stdio.o(.text)
    _deferredlazyseek                        0x0800143f   Thumb Code    60  stdio.o(.text)
    __sig_exit                               0x08001481   Thumb Code    10  defsig_exit.o(.text)
    __rt_SIGRTRED_inner                      0x0800148d   Thumb Code    14  defsig_rtred_inner.o(.text)
    __Heap_Initialize                        0x080014c1   Thumb Code    10  h1_init.o(.text)
    __Heap_DescSize                          0x080014cb   Thumb Code     4  h1_init.o(.text)
    __Heap_ProvideMemory                     0x080014cf   Thumb Code    52  h1_extend.o(.text)
    _ftell_internal                          0x08001503   Thumb Code    66  ftell.o(.text)
    ftell                                    0x08001503   Thumb Code     0  ftell.o(.text)
    __default_signal_display                 0x08001545   Thumb Code    50  defsig_general.o(.text)
    __rt_SIGRTMEM                            0x08001577   Thumb Code    14  defsig_rtmem_outer.o(.text)
    _ttywrch                                 0x08001585   Thumb Code    14  sys_wrch.o(.text)
    __aeabi_errno_addr                       0x08001595   Thumb Code     8  rt_errno_addr_intlibspace.o(.text)
    __errno$intlibspace                      0x08001595   Thumb Code     0  rt_errno_addr_intlibspace.o(.text)
    __rt_errno_addr$intlibspace              0x08001595   Thumb Code     0  rt_errno_addr_intlibspace.o(.text)
    __rt_SIGRTMEM_inner                      0x0800159d   Thumb Code    22  defsig_rtmem_inner.o(.text)
    _btod_d2e                                0x080015ed   Thumb Code    62  btod.o(CL$$btod_d2e)
    _d2e_denorm_low                          0x0800162b   Thumb Code    70  btod.o(CL$$btod_d2e_denorm_low)
    _d2e_norm_op1                            0x08001671   Thumb Code    96  btod.o(CL$$btod_d2e_norm_op1)
    __btod_div_common                        0x080016d1   Thumb Code   696  btod.o(CL$$btod_div_common)
    _e2e                                     0x08001a09   Thumb Code   220  btod.o(CL$$btod_e2e)
    _btod_ediv                               0x08001ae5   Thumb Code    42  btod.o(CL$$btod_ediv)
    _btod_emul                               0x08001b0f   Thumb Code    42  btod.o(CL$$btod_emul)
    __btod_mult_common                       0x08001b39   Thumb Code   580  btod.o(CL$$btod_mult_common)
    EXTI0_IRQHandler                         0x08001d7d   Thumb Code    82  gpio.o(i.EXTI0_IRQHandler)
    EXTI15_10_IRQHandler                     0x08001de9   Thumb Code    82  gpio.o(i.EXTI15_10_IRQHandler)
    EXTI1_IRQHandler                         0x08001e55   Thumb Code    82  gpio.o(i.EXTI1_IRQHandler)
    EXTI2_IRQHandler                         0x08001ec1   Thumb Code    82  gpio.o(i.EXTI2_IRQHandler)
    EXTI3_IRQHandler                         0x08001f2d   Thumb Code    82  gpio.o(i.EXTI3_IRQHandler)
    EXTI4_IRQHandler                         0x08001f99   Thumb Code    82  gpio.o(i.EXTI4_IRQHandler)
    EXTI9_5_IRQHandler                       0x08002005   Thumb Code    82  gpio.o(i.EXTI9_5_IRQHandler)
    ITM_SendChar                             0x08002071   Thumb Code    42  retarget_io.o(i.ITM_SendChar)
    SystemInit                               0x080020e1   Thumb Code    82  system_stm32f4xx.o(i.SystemInit)
    __ARM_fpclassify                         0x08002145   Thumb Code    48  fpclassify.o(i.__ARM_fpclassify)
    _is_digit                                0x080021ed   Thumb Code    14  __printf_wp.o(i._is_digit)
    _sys_close                               0x080021fb   Thumb Code    38  retarget_io.o(i._sys_close)
    _sys_flen                                0x08002221   Thumb Code    36  retarget_io.o(i._sys_flen)
    _sys_istty                               0x08002245   Thumb Code    36  retarget_io.o(i._sys_istty)
    _sys_open                                0x08002269   Thumb Code    80  retarget_io.o(i._sys_open)
    _sys_seek                                0x080022d1   Thumb Code    44  retarget_io.o(i._sys_seek)
    _sys_write                               0x080022fd   Thumb Code    70  retarget_io.o(i._sys_write)
    button_press_isr                         0x08002345   Thumb Code   340  main.o(i.button_press_isr)
    delay_ms                                 0x08002511   Thumb Code    78  delay.o(i.delay_ms)
    fputc                                    0x08002565   Thumb Code    26  fputc.o(i.fputc)
    gpio_set                                 0x08002581   Thumb Code    30  gpio.o(i.gpio_set)
    gpio_set_callback                        0x080025a5   Thumb Code   620  gpio.o(i.gpio_set_callback)
    gpio_set_mode                            0x08002831   Thumb Code   288  gpio.o(i.gpio_set_mode)
    gpio_set_trigger                         0x0800295d   Thumb Code   124  gpio.o(i.gpio_set_trigger)
    leds_init                                0x080029dd   Thumb Code    18  leds.o(i.leds_init)
    leds_set                                 0x080029ef   Thumb Code    22  leds.o(i.leds_set)
    main                                     0x08002a05   Thumb Code   300  main.o(i.main)
    _get_lc_numeric                          0x08002dfd   Thumb Code    44  lc_numeric_c.o(locale$$code)
    __aeabi_dadd                             0x08002e29   Thumb Code     0  daddsub_clz.o(x$fpl$dadd)
    _dadd                                    0x08002e29   Thumb Code   332  daddsub_clz.o(x$fpl$dadd)
    __fpl_dcmp_Inf                           0x08002f79   Thumb Code    24  dcmpi.o(x$fpl$dcmpinf)
    __aeabi_ddiv                             0x08002f91   Thumb Code     0  ddiv.o(x$fpl$ddiv)
    _ddiv                                    0x08002f91   Thumb Code   552  ddiv.o(x$fpl$ddiv)
    __aeabi_d2uiz                            0x08003241   Thumb Code     0  dfixu.o(x$fpl$dfixu)
    _dfixu                                   0x08003241   Thumb Code    90  dfixu.o(x$fpl$dfixu)
    __aeabi_i2d                              0x0800329b   Thumb Code     0  dflt_clz.o(x$fpl$dflt)
    _dflt                                    0x0800329b   Thumb Code    46  dflt_clz.o(x$fpl$dflt)
    __aeabi_ui2d                             0x080032c9   Thumb Code     0  dflt_clz.o(x$fpl$dfltu)
    _dfltu                                   0x080032c9   Thumb Code    38  dflt_clz.o(x$fpl$dfltu)
    __aeabi_cdcmple                          0x080032f1   Thumb Code     0  dleqf.o(x$fpl$dleqf)
    _dcmple                                  0x080032f1   Thumb Code   120  dleqf.o(x$fpl$dleqf)
    __fpl_dcmple_InfNaN                      0x08003353   Thumb Code     0  dleqf.o(x$fpl$dleqf)
    __aeabi_dmul                             0x08003369   Thumb Code     0  dmul.o(x$fpl$dmul)
    _dmul                                    0x08003369   Thumb Code   332  dmul.o(x$fpl$dmul)
    __fpl_dnaninf                            0x080034bd   Thumb Code   156  dnaninf.o(x$fpl$dnaninf)
    __fpl_dretinf                            0x08003559   Thumb Code    12  dretinf.o(x$fpl$dretinf)
    __aeabi_dsub                             0x08003565   Thumb Code     0  daddsub_clz.o(x$fpl$dsub)
    _dsub                                    0x08003565   Thumb Code   464  daddsub_clz.o(x$fpl$dsub)
    _fp_init                                 0x08003739   Thumb Code    10  fpinit.o(x$fpl$fpinit)
    __fplib_config_fpu_vfp                   0x08003741   Thumb Code     0  fpinit.o(x$fpl$fpinit)
    __fplib_config_pureend_doubles           0x08003741   Thumb Code     0  fpinit.o(x$fpl$fpinit)
    _printf_fp_dec                           0x08003743   Thumb Code     4  printf1.o(x$fpl$printf1)
    __I$use$fp                               0x08003746   Number         0  usenofp.o(x$fpl$usenofp)
    __stdin_name                             0x08003746   Data           7  retarget_io.o(.constdata)
    __stdout_name                            0x0800374d   Data           8  retarget_io.o(.constdata)
    __stderr_name                            0x08003755   Data           8  retarget_io.o(.constdata)
    Region$$Table$$Base                      0x08003978   Number         0  anon$$obj.o(Region$$Table)
    Region$$Table$$Limit                     0x08003998   Number         0  anon$$obj.o(Region$$Table)
    IRQ_status                               0x2000001c   Data           4  gpio.o(.data)
    IRQ_port_num                             0x20000020   Data           4  gpio.o(.data)
    IRQ_pin_index                            0x20000024   Data           4  gpio.o(.data)
    EXTI_port_set                            0x20000028   Data           4  gpio.o(.data)
    prioritygroup                            0x2000002c   Data           4  gpio.o(.data)
    priority                                 0x20000030   Data           4  gpio.o(.data)
    SystemCoreClock                          0x20000038   Data           4  system_stm32f4xx.o(.data)
    __aeabi_stdin                            0x2000003c   Data           4  stdio_streams.o(.data)
    __aeabi_stdout                           0x20000040   Data           4  stdio_streams.o(.data)
    __aeabi_stderr                           0x20000044   Data           4  stdio_streams.o(.data)
    __stdin                                  0x20000048   Data          84  stdio_streams.o(.bss)
    __stdout                                 0x2000009c   Data          84  stdio_streams.o(.bss)
    __stderr                                 0x200000f0   Data          84  stdio_streams.o(.bss)
    __libspace_start                         0x20000144   Data          96  libspace.o(.bss)
    __temporary_stack_top$libspace           0x200001a4   Data           0  libspace.o(.bss)



==============================================================================

Memory Map of the image

  Image Entry point : 0x08000195

  Load Region LR_IROM1 (Base: 0x08000000, Size: 0x000039fc, Max: 0x00080000, ABSOLUTE)

    Execution Region ER_IROM1 (Exec base: 0x08000000, Load base: 0x08000000, Size: 0x000039b4, Max: 0x00080000, ABSOLUTE)

    Exec Addr    Load Addr    Size         Type   Attr      Idx    E Section Name        Object

    0x08000000   0x08000000   0x00000194   Data   RO          382    RESET               startup_stm32f401xe.o
    0x08000194   0x08000194   0x00000008   Code   RO          466  * !!!main             c_w.l(__main.o)
    0x0800019c   0x0800019c   0x00000034   Code   RO          884    !!!scatter          c_w.l(__scatter.o)
    0x080001d0   0x080001d0   0x0000001a   Code   RO          886    !!handler_copy      c_w.l(__scatter_copy.o)
    0x080001ea   0x080001ea   0x00000002   PAD
    0x080001ec   0x080001ec   0x0000001c   Code   RO          888    !!handler_zi        c_w.l(__scatter_zi.o)
    0x08000208   0x08000208   0x00000000   Code   RO          459    .ARM.Collect$$_printf_percent$$00000000  c_w.l(_printf_percent.o)
    0x08000208   0x08000208   0x00000006   Code   RO          458    .ARM.Collect$$_printf_percent$$00000003  c_w.l(_printf_f.o)
    0x0800020e   0x0800020e   0x00000006   Code   RO          457    .ARM.Collect$$_printf_percent$$00000009  c_w.l(_printf_d.o)
    0x08000214   0x08000214   0x00000004   Code   RO          503    .ARM.Collect$$_printf_percent$$00000017  c_w.l(_printf_percent_end.o)
    0x08000218   0x08000218   0x00000002   Code   RO          689    .ARM.Collect$$libinit$$00000000  c_w.l(libinit.o)
    0x0800021a   0x0800021a   0x00000004   Code   RO          690    .ARM.Collect$$libinit$$00000001  c_w.l(libinit2.o)
    0x0800021e   0x0800021e   0x00000000   Code   RO          693    .ARM.Collect$$libinit$$00000004  c_w.l(libinit2.o)
    0x0800021e   0x0800021e   0x00000008   Code   RO          694    .ARM.Collect$$libinit$$00000005  c_w.l(libinit2.o)
    0x08000226   0x08000226   0x00000000   Code   RO          696    .ARM.Collect$$libinit$$0000000A  c_w.l(libinit2.o)
    0x08000226   0x08000226   0x00000000   Code   RO          698    .ARM.Collect$$libinit$$0000000C  c_w.l(libinit2.o)
    0x08000226   0x08000226   0x00000000   Code   RO          700    .ARM.Collect$$libinit$$0000000E  c_w.l(libinit2.o)
    0x08000226   0x08000226   0x00000006   Code   RO          701    .ARM.Collect$$libinit$$0000000F  c_w.l(libinit2.o)
    0x0800022c   0x0800022c   0x00000000   Code   RO          703    .ARM.Collect$$libinit$$00000011  c_w.l(libinit2.o)
    0x0800022c   0x0800022c   0x00000000   Code   RO          705    .ARM.Collect$$libinit$$00000013  c_w.l(libinit2.o)
    0x0800022c   0x0800022c   0x00000000   Code   RO          707    .ARM.Collect$$libinit$$00000015  c_w.l(libinit2.o)
    0x0800022c   0x0800022c   0x0000000a   Code   RO          708    .ARM.Collect$$libinit$$00000016  c_w.l(libinit2.o)
    0x08000236   0x08000236   0x00000000   Code   RO          709    .ARM.Collect$$libinit$$00000017  c_w.l(libinit2.o)
    0x08000236   0x08000236   0x00000000   Code   RO          711    .ARM.Collect$$libinit$$00000019  c_w.l(libinit2.o)
    0x08000236   0x08000236   0x00000000   Code   RO          713    .ARM.Collect$$libinit$$0000001B  c_w.l(libinit2.o)
    0x08000236   0x08000236   0x00000000   Code   RO          715    .ARM.Collect$$libinit$$0000001D  c_w.l(libinit2.o)
    0x08000236   0x08000236   0x00000000   Code   RO          717    .ARM.Collect$$libinit$$0000001F  c_w.l(libinit2.o)
    0x08000236   0x08000236   0x00000000   Code   RO          719    .ARM.Collect$$libinit$$00000021  c_w.l(libinit2.o)
    0x08000236   0x08000236   0x00000000   Code   RO          721    .ARM.Collect$$libinit$$00000023  c_w.l(libinit2.o)
    0x08000236   0x08000236   0x00000004   Code   RO          722    .ARM.Collect$$libinit$$00000024  c_w.l(libinit2.o)
    0x0800023a   0x0800023a   0x00000000   Code   RO          723    .ARM.Collect$$libinit$$00000025  c_w.l(libinit2.o)
    0x0800023a   0x0800023a   0x00000000   Code   RO          727    .ARM.Collect$$libinit$$0000002C  c_w.l(libinit2.o)
    0x0800023a   0x0800023a   0x00000000   Code   RO          729    .ARM.Collect$$libinit$$0000002E  c_w.l(libinit2.o)
    0x0800023a   0x0800023a   0x00000000   Code   RO          731    .ARM.Collect$$libinit$$00000030  c_w.l(libinit2.o)
    0x0800023a   0x0800023a   0x00000000   Code   RO          733    .ARM.Collect$$libinit$$00000032  c_w.l(libinit2.o)
    0x0800023a   0x0800023a   0x00000002   Code   RO          734    .ARM.Collect$$libinit$$00000033  c_w.l(libinit2.o)
    0x0800023c   0x0800023c   0x00000002   Code   RO          735    .ARM.Collect$$libshutdown$$00000000  c_w.l(libshutdown.o)
    0x0800023e   0x0800023e   0x00000000   Code   RO          737    .ARM.Collect$$libshutdown$$00000002  c_w.l(libshutdown2.o)
    0x0800023e   0x0800023e   0x00000004   Code   RO          738    .ARM.Collect$$libshutdown$$00000003  c_w.l(libshutdown2.o)
    0x08000242   0x08000242   0x00000000   Code   RO          739    .ARM.Collect$$libshutdown$$00000004  c_w.l(libshutdown2.o)
    0x08000242   0x08000242   0x00000000   Code   RO          742    .ARM.Collect$$libshutdown$$00000007  c_w.l(libshutdown2.o)
    0x08000242   0x08000242   0x00000000   Code   RO          745    .ARM.Collect$$libshutdown$$0000000A  c_w.l(libshutdown2.o)
    0x08000242   0x08000242   0x00000000   Code   RO          747    .ARM.Collect$$libshutdown$$0000000C  c_w.l(libshutdown2.o)
    0x08000242   0x08000242   0x00000000   Code   RO          750    .ARM.Collect$$libshutdown$$0000000F  c_w.l(libshutdown2.o)
    0x08000242   0x08000242   0x00000002   Code   RO          751    .ARM.Collect$$libshutdown$$00000010  c_w.l(libshutdown2.o)
    0x08000244   0x08000244   0x00000000   Code   RO          494    .ARM.Collect$$rtentry$$00000000  c_w.l(__rtentry.o)
    0x08000244   0x08000244   0x00000000   Code   RO          518    .ARM.Collect$$rtentry$$00000002  c_w.l(__rtentry2.o)
    0x08000244   0x08000244   0x00000006   Code   RO          530    .ARM.Collect$$rtentry$$00000004  c_w.l(__rtentry4.o)
    0x0800024a   0x0800024a   0x00000000   Code   RO          520    .ARM.Collect$$rtentry$$00000009  c_w.l(__rtentry2.o)
    0x0800024a   0x0800024a   0x00000004   Code   RO          521    .ARM.Collect$$rtentry$$0000000A  c_w.l(__rtentry2.o)
    0x0800024e   0x0800024e   0x00000000   Code   RO          523    .ARM.Collect$$rtentry$$0000000C  c_w.l(__rtentry2.o)
    0x0800024e   0x0800024e   0x00000008   Code   RO          524    .ARM.Collect$$rtentry$$0000000D  c_w.l(__rtentry2.o)
    0x08000256   0x08000256   0x00000002   Code   RO          495    .ARM.Collect$$rtexit$$00000000  c_w.l(rtexit.o)
    0x08000258   0x08000258   0x00000000   Code   RO          533    .ARM.Collect$$rtexit$$00000002  c_w.l(rtexit2.o)
    0x08000258   0x08000258   0x00000004   Code   RO          534    .ARM.Collect$$rtexit$$00000003  c_w.l(rtexit2.o)
    0x0800025c   0x0800025c   0x00000006   Code   RO          535    .ARM.Collect$$rtexit$$00000004  c_w.l(rtexit2.o)
    0x08000262   0x08000262   0x00000002   PAD
    0x08000264   0x08000264   0x0000000c   Code   RO           88    .emb_text           delay.o
    0x08000270   0x08000270   0x00000000   Code   RO          808    .emb_text           c_w.l(maybetermalloc1.o)
    0x08000270   0x08000270   0x00000040   Code   RO          383    .text               startup_stm32f401xe.o
    0x080002b0   0x080002b0   0x00000018   Code   RO          431    .text               c_w.l(noretval__2printf.o)
    0x080002c8   0x080002c8   0x00000078   Code   RO          435    .text               c_w.l(_printf_dec.o)
    0x08000340   0x08000340   0x0000010e   Code   RO          445    .text               c_w.l(__printf_wp.o)
    0x0800044e   0x0800044e   0x00000012   Code   RO          460    .text               c_w.l(exit.o)
    0x08000460   0x08000460   0x00000080   Code   RO          462    .text               c_w.l(strcmpv7m.o)
    0x080004e0   0x080004e0   0x00000006   Code   RO          464    .text               c_w.l(heapauxi.o)
    0x080004e6   0x080004e6   0x000000b2   Code   RO          497    .text               c_w.l(_printf_intcommon.o)
    0x08000598   0x08000598   0x0000041e   Code   RO          499    .text               c_w.l(_printf_fp_dec.o)
    0x080009b6   0x080009b6   0x00000002   PAD
    0x080009b8   0x080009b8   0x00000024   Code   RO          501    .text               c_w.l(_printf_char_file.o)
    0x080009dc   0x080009dc   0x00000008   Code   RO          542    .text               c_w.l(rt_locale_intlibspace.o)
    0x080009e4   0x080009e4   0x0000008a   Code   RO          544    .text               c_w.l(lludiv10.o)
    0x08000a6e   0x08000a6e   0x00000002   PAD
    0x08000a70   0x08000a70   0x00000030   Code   RO          546    .text               c_w.l(_printf_char_common.o)
    0x08000aa0   0x08000aa0   0x00000080   Code   RO          548    .text               c_w.l(_printf_fp_infnan.o)
    0x08000b20   0x08000b20   0x000000e4   Code   RO          550    .text               c_w.l(bigflt0.o)
    0x08000c04   0x08000c04   0x00000008   Code   RO          575    .text               c_w.l(ferror.o)
    0x08000c0c   0x08000c0c   0x00000138   Code   RO          581    .text               c_w.l(initio.o)
    0x08000d44   0x08000d44   0x0000000c   Code   RO          596    .text               c_w.l(sys_exit.o)
    0x08000d50   0x08000d50   0x00000008   Code   RO          598    .text               c_w.l(libspace.o)
    0x08000d58   0x08000d58   0x0000004a   Code   RO          603    .text               c_w.l(sys_stackheap_outer.o)
    0x08000da2   0x08000da2   0x0000004e   Code   RO          607    .text               c_w.l(h1_free.o)
    0x08000df0   0x08000df0   0x000001d6   Code   RO          663    .text               c_w.l(flsbuf.o)
    0x08000fc6   0x08000fc6   0x00000046   Code   RO          665    .text               c_w.l(setvbuf.o)
    0x0800100c   0x0800100c   0x000000ec   Code   RO          668    .text               c_w.l(fopen.o)
    0x080010f8   0x080010f8   0x0000004c   Code   RO          670    .text               c_w.l(fclose.o)
    0x08001144   0x08001144   0x0000000e   Code   RO          676    .text               c_w.l(defsig_rtred_outer.o)
    0x08001152   0x08001152   0x0000004e   Code   RO          680    .text               c_w.l(rt_memclr_w.o)
    0x080011a0   0x080011a0   0x00000002   Code   RO          754    .text               c_w.l(use_no_semi.o)
    0x080011a2   0x080011a2   0x00000000   Code   RO          756    .text               c_w.l(indicate_semi.o)
    0x080011a2   0x080011a2   0x00000002   PAD
    0x080011a4   0x080011a4   0x00000008   Code   RO          762    .text               c_w.l(rt_heap_descriptor_intlibspace.o)
    0x080011ac   0x080011ac   0x00000004   Code   RO          764    .text               c_w.l(hguard.o)
    0x080011b0   0x080011b0   0x0000008a   Code   RO          766    .text               c_w.l(init_alloc.o)
    0x0800123a   0x0800123a   0x0000005e   Code   RO          772    .text               c_w.l(h1_alloc.o)
    0x08001298   0x08001298   0x000000f8   Code   RO          788    .text               c_w.l(fseek.o)
    0x08001390   0x08001390   0x000000f0   Code   RO          790    .text               c_w.l(stdio.o)
    0x08001480   0x08001480   0x0000000a   Code   RO          796    .text               c_w.l(defsig_exit.o)
    0x0800148a   0x0800148a   0x00000002   PAD
    0x0800148c   0x0800148c   0x00000034   Code   RO          798    .text               c_w.l(defsig_rtred_inner.o)
    0x080014c0   0x080014c0   0x0000000e   Code   RO          810    .text               c_w.l(h1_init.o)
    0x080014ce   0x080014ce   0x00000034   Code   RO          812    .text               c_w.l(h1_extend.o)
    0x08001502   0x08001502   0x00000042   Code   RO          822    .text               c_w.l(ftell.o)
    0x08001544   0x08001544   0x00000032   Code   RO          830    .text               c_w.l(defsig_general.o)
    0x08001576   0x08001576   0x0000000e   Code   RO          832    .text               c_w.l(defsig_rtmem_outer.o)
    0x08001584   0x08001584   0x0000000e   Code   RO          847    .text               c_w.l(sys_wrch.o)
    0x08001592   0x08001592   0x00000002   PAD
    0x08001594   0x08001594   0x00000008   Code   RO          854    .text               c_w.l(rt_errno_addr_intlibspace.o)
    0x0800159c   0x0800159c   0x00000050   Code   RO          860    .text               c_w.l(defsig_rtmem_inner.o)
    0x080015ec   0x080015ec   0x0000003e   Code   RO          553    CL$$btod_d2e        c_w.l(btod.o)
    0x0800162a   0x0800162a   0x00000046   Code   RO          555    CL$$btod_d2e_denorm_low  c_w.l(btod.o)
    0x08001670   0x08001670   0x00000060   Code   RO          554    CL$$btod_d2e_norm_op1  c_w.l(btod.o)
    0x080016d0   0x080016d0   0x00000338   Code   RO          563    CL$$btod_div_common  c_w.l(btod.o)
    0x08001a08   0x08001a08   0x000000dc   Code   RO          560    CL$$btod_e2e        c_w.l(btod.o)
    0x08001ae4   0x08001ae4   0x0000002a   Code   RO          557    CL$$btod_ediv       c_w.l(btod.o)
    0x08001b0e   0x08001b0e   0x0000002a   Code   RO          556    CL$$btod_emul       c_w.l(btod.o)
    0x08001b38   0x08001b38   0x00000244   Code   RO          562    CL$$btod_mult_common  c_w.l(btod.o)
    0x08001d7c   0x08001d7c   0x0000006c   Code   RO          155    i.EXTI0_IRQHandler  gpio.o
    0x08001de8   0x08001de8   0x0000006c   Code   RO          156    i.EXTI15_10_IRQHandler  gpio.o
    0x08001e54   0x08001e54   0x0000006c   Code   RO          157    i.EXTI1_IRQHandler  gpio.o
    0x08001ec0   0x08001ec0   0x0000006c   Code   RO          158    i.EXTI2_IRQHandler  gpio.o
    0x08001f2c   0x08001f2c   0x0000006c   Code   RO          159    i.EXTI3_IRQHandler  gpio.o
    0x08001f98   0x08001f98   0x0000006c   Code   RO          160    i.EXTI4_IRQHandler  gpio.o
    0x08002004   0x08002004   0x0000006c   Code   RO          161    i.EXTI9_5_IRQHandler  gpio.o
    0x08002070   0x08002070   0x00000030   Code   RO          293    i.ITM_SendChar      retarget_io.o
    0x080020a0   0x080020a0   0x00000040   Code   RO          162    i.NVIC_EncodePriority  gpio.o
    0x080020e0   0x080020e0   0x00000064   Code   RO          391    i.SystemInit        system_stm32f4xx.o
    0x08002144   0x08002144   0x00000030   Code   RO          594    i.__ARM_fpclassify  m_wm.l(fpclassify.o)
    0x08002174   0x08002174   0x0000001c   Code   RO          163    i.__NVIC_ClearPendingIRQ  gpio.o
    0x08002190   0x08002190   0x00000022   Code   RO          164    i.__NVIC_EnableIRQ  gpio.o
    0x080021b2   0x080021b2   0x00000002   PAD
    0x080021b4   0x080021b4   0x00000010   Code   RO          165    i.__NVIC_GetPriorityGrouping  gpio.o
    0x080021c4   0x080021c4   0x00000028   Code   RO          166    i.__NVIC_SetPriority  gpio.o
    0x080021ec   0x080021ec   0x0000000e   Code   RO          447    i._is_digit         c_w.l(__printf_wp.o)
    0x080021fa   0x080021fa   0x00000026   Code   RO          294    i._sys_close        retarget_io.o
    0x08002220   0x08002220   0x00000024   Code   RO          295    i._sys_flen         retarget_io.o
    0x08002244   0x08002244   0x00000024   Code   RO          296    i._sys_istty        retarget_io.o
    0x08002268   0x08002268   0x00000068   Code   RO          297    i._sys_open         retarget_io.o
    0x080022d0   0x080022d0   0x0000002c   Code   RO          299    i._sys_seek         retarget_io.o
    0x080022fc   0x080022fc   0x00000046   Code   RO          300    i._sys_write        retarget_io.o
    0x08002342   0x08002342   0x00000002   PAD
    0x08002344   0x08002344   0x000001cc   Code   RO            4    i.button_press_isr  main.o
    0x08002510   0x08002510   0x00000054   Code   RO           89    i.delay_ms          delay.o
    0x08002564   0x08002564   0x0000001a   Code   RO          578    i.fputc             c_w.l(fputc.o)
    0x0800257e   0x0800257e   0x00000002   PAD
    0x08002580   0x08002580   0x00000024   Code   RO          169    i.gpio_set          gpio.o
    0x080025a4   0x080025a4   0x0000028c   Code   RO          170    i.gpio_set_callback  gpio.o
    0x08002830   0x08002830   0x0000012c   Code   RO          171    i.gpio_set_mode     gpio.o
    0x0800295c   0x0800295c   0x00000080   Code   RO          173    i.gpio_set_trigger  gpio.o
    0x080029dc   0x080029dc   0x00000012   Code   RO          122    i.leds_init         leds.o
    0x080029ee   0x080029ee   0x00000016   Code   RO          123    i.leds_set          leds.o
    0x08002a04   0x08002a04   0x000003ec   Code   RO            5    i.main              main.o
    0x08002df0   0x08002df0   0x0000000c   Code   RO          301    i.stdout_putchar    retarget_io.o
    0x08002dfc   0x08002dfc   0x0000002c   Code   RO          590    locale$$code        c_w.l(lc_numeric_c.o)
    0x08002e28   0x08002e28   0x00000150   Code   RO          468    x$fpl$dadd          fz_wm.l(daddsub_clz.o)
    0x08002f78   0x08002f78   0x00000018   Code   RO          510    x$fpl$dcmpinf       fz_wm.l(dcmpi.o)
    0x08002f90   0x08002f90   0x000002b0   Code   RO          475    x$fpl$ddiv          fz_wm.l(ddiv.o)
    0x08003240   0x08003240   0x0000005a   Code   RO          478    x$fpl$dfixu         fz_wm.l(dfixu.o)
    0x0800329a   0x0800329a   0x0000002e   Code   RO          483    x$fpl$dflt          fz_wm.l(dflt_clz.o)
    0x080032c8   0x080032c8   0x00000026   Code   RO          482    x$fpl$dfltu         fz_wm.l(dflt_clz.o)
    0x080032ee   0x080032ee   0x00000002   PAD
    0x080032f0   0x080032f0   0x00000078   Code   RO          488    x$fpl$dleqf         fz_wm.l(dleqf.o)
    0x08003368   0x08003368   0x00000154   Code   RO          490    x$fpl$dmul          fz_wm.l(dmul.o)
    0x080034bc   0x080034bc   0x0000009c   Code   RO          512    x$fpl$dnaninf       fz_wm.l(dnaninf.o)
    0x08003558   0x08003558   0x0000000c   Code   RO          514    x$fpl$dretinf       fz_wm.l(dretinf.o)
    0x08003564   0x08003564   0x000001d4   Code   RO          470    x$fpl$dsub          fz_wm.l(daddsub_clz.o)
    0x08003738   0x08003738   0x0000000a   Code   RO          806    x$fpl$fpinit        fz_wm.l(fpinit.o)
    0x08003742   0x08003742   0x00000004   Code   RO          492    x$fpl$printf1       fz_wm.l(printf1.o)
    0x08003746   0x08003746   0x00000000   Code   RO          516    x$fpl$usenofp       fz_wm.l(usenofp.o)
    0x08003746   0x08003746   0x00000017   Data   RO          302    .constdata          retarget_io.o
    0x0800375d   0x0800375d   0x00000003   PAD
    0x08003760   0x08003760   0x00000094   Data   RO          551    .constdata          c_w.l(bigflt0.o)
    0x080037f4   0x080037f4   0x00000181   Data   RO            6    .conststring        main.o
    0x08003975   0x08003975   0x00000003   PAD
    0x08003978   0x08003978   0x00000020   Data   RO          882    Region$$Table       anon$$obj.o
    0x08003998   0x08003998   0x0000001c   Data   RO          589    locale$$data        c_w.l(lc_numeric_c.o)


    Execution Region RW_IRAM1 (Exec base: 0x20000000, Load base: 0x080039b4, Size: 0x000007a8, Max: 0x00018000, ABSOLUTE)

    Exec Addr    Load Addr    Size         Type   Attr      Idx    E Section Name        Object

    0x20000000   0x080039b4   0x0000001c   Data   RW            7    .data               main.o
    0x2000001c   0x080039d0   0x0000001c   Data   RW          175    .data               gpio.o
    0x20000038   0x080039ec   0x00000004   Data   RW          393    .data               system_stm32f4xx.o
    0x2000003c   0x080039f0   0x00000004   Data   RW          507    .data               c_w.l(stdio_streams.o)
    0x20000040   0x080039f4   0x00000004   Data   RW          508    .data               c_w.l(stdio_streams.o)
    0x20000044   0x080039f8   0x00000004   Data   RW          509    .data               c_w.l(stdio_streams.o)
    0x20000048        -       0x00000054   Zero   RW          504    .bss                c_w.l(stdio_streams.o)
    0x2000009c        -       0x00000054   Zero   RW          505    .bss                c_w.l(stdio_streams.o)
    0x200000f0        -       0x00000054   Zero   RW          506    .bss                c_w.l(stdio_streams.o)
    0x20000144        -       0x00000060   Zero   RW          599    .bss                c_w.l(libspace.o)
    0x200001a4   0x080039fc   0x00000004   PAD
    0x200001a8        -       0x00000200   Zero   RW          381    HEAP                startup_stm32f401xe.o
    0x200003a8        -       0x00000400   Zero   RW          380    STACK               startup_stm32f401xe.o


==============================================================================

Image component sizes


      Code (inc. data)   RO Data    RW Data    ZI Data      Debug   Object Name

        96          6          0          0          0        967   delay.o
      2054        278          0         28          0      40041   gpio.o
        40          0          0          0          0        975   leds.o
      1464        824        385         28          0     313842   main.o
       388         30         23          0          0       7126   retarget_io.o
        64         26        404          0       1536        876   startup_stm32f401xe.o
       100         18          0          4          0       1407   system_stm32f4xx.o

    ----------------------------------------------------------------------
      4210       1182        850         60       1536     365234   Object Totals
         0          0         32          0          0          0   (incl. Generated)
         4          0          6          0          0          0   (incl. Padding)

    ----------------------------------------------------------------------

      Code (inc. data)   RO Data    RW Data    ZI Data      Debug   Library Member Name

         8          0          0          0          0         68   __main.o
       284          0          0          0          0        156   __printf_wp.o
         0          0          0          0          0          0   __rtentry.o
        12          0          0          0          0          0   __rtentry2.o
         6          0          0          0          0          0   __rtentry4.o
        52          8          0          0          0          0   __scatter.o
        26          0          0          0          0          0   __scatter_copy.o
        28          0          0          0          0          0   __scatter_zi.o
        48          6          0          0          0         96   _printf_char_common.o
        36          4          0          0          0         80   _printf_char_file.o
         6          0          0          0          0          0   _printf_d.o
       120         16          0          0          0         92   _printf_dec.o
         6          0          0          0          0          0   _printf_f.o
      1054          0          0          0          0        216   _printf_fp_dec.o
       128         16          0          0          0         84   _printf_fp_infnan.o
       178          0          0          0          0         88   _printf_intcommon.o
         0          0          0          0          0          0   _printf_percent.o
         4          0          0          0          0          0   _printf_percent_end.o
       228          4        148          0          0         96   bigflt0.o
      1936        128          0          0          0        672   btod.o
        10          0          0          0          0         68   defsig_exit.o
        50          0          0          0          0         88   defsig_general.o
        80         58          0          0          0         76   defsig_rtmem_inner.o
        14          0          0          0          0         80   defsig_rtmem_outer.o
        52         38          0          0          0         76   defsig_rtred_inner.o
        14          0          0          0          0         80   defsig_rtred_outer.o
        18          0          0          0          0         80   exit.o
        76          0          0          0          0         88   fclose.o
         8          0          0          0          0         68   ferror.o
       470          0          0          0          0         88   flsbuf.o
       236          4          0          0          0        128   fopen.o
        26          0          0          0          0         68   fputc.o
       248          6          0          0          0         84   fseek.o
        66          0          0          0          0         76   ftell.o
        94          0          0          0          0         80   h1_alloc.o
        52          0          0          0          0         68   h1_extend.o
        78          0          0          0          0         80   h1_free.o
        14          0          0          0          0         84   h1_init.o
         6          0          0          0          0        152   heapauxi.o
         4          0          0          0          0        136   hguard.o
         0          0          0          0          0          0   indicate_semi.o
       138          0          0          0          0        168   init_alloc.o
       312         46          0          0          0        112   initio.o
        44         10         28          0          0         76   lc_numeric_c.o
         2          0          0          0          0          0   libinit.o
        34          0          0          0          0          0   libinit2.o
         2          0          0          0          0          0   libshutdown.o
         6          0          0          0          0          0   libshutdown2.o
         8          4          0          0         96         68   libspace.o
       138          0          0          0          0         80   lludiv10.o
         0          0          0          0          0          0   maybetermalloc1.o
        24          4          0          0          0         84   noretval__2printf.o
         8          4          0          0          0         68   rt_errno_addr_intlibspace.o
         8          4          0          0          0         68   rt_heap_descriptor_intlibspace.o
         8          4          0          0          0         68   rt_locale_intlibspace.o
        78          0          0          0          0         80   rt_memclr_w.o
         2          0          0          0          0          0   rtexit.o
        10          0          0          0          0          0   rtexit2.o
        70          0          0          0          0         80   setvbuf.o
       240          6          0          0          0        156   stdio.o
         0          0          0         12        252          0   stdio_streams.o
       128          0          0          0          0         68   strcmpv7m.o
        12          4          0          0          0         68   sys_exit.o
        74          0          0          0          0         80   sys_stackheap_outer.o
        14          0          0          0          0         76   sys_wrch.o
         2          0          0          0          0         68   use_no_semi.o
       804         16          0          0          0        368   daddsub_clz.o
        24          0          0          0          0        116   dcmpi.o
       688        140          0          0          0        256   ddiv.o
        90          4          0          0          0        140   dfixu.o
        84          0          0          0          0        232   dflt_clz.o
       120          4          0          0          0        140   dleqf.o
       340         12          0          0          0        152   dmul.o
       156          4          0          0          0        140   dnaninf.o
        12          0          0          0          0        116   dretinf.o
        10          0          0          0          0        116   fpinit.o
         4          0          0          0          0        116   printf1.o
         0          0          0          0          0          0   usenofp.o
        48          0          0          0          0        124   fpclassify.o

    ----------------------------------------------------------------------
      9536        554        176         12        352       6880   Library Totals
        18          0          0          0          4          0   (incl. Padding)

    ----------------------------------------------------------------------

      Code (inc. data)   RO Data    RW Data    ZI Data      Debug   Library Name

      7138        374        176         12        348       4864   c_w.l
      2332        180          0          0          0       1892   fz_wm.l
        48          0          0          0          0        124   m_wm.l

    ----------------------------------------------------------------------
      9536        554        176         12        352       6880   Library Totals

    ----------------------------------------------------------------------

==============================================================================


      Code (inc. data)   RO Data    RW Data    ZI Data      Debug   

     13746       1736       1026         72       1888     365358   Grand Totals
     13746       1736       1026         72       1888     365358   ELF Image Totals
     13746       1736       1026         72          0          0   ROM Totals

==============================================================================

    Total RO  Size (Code + RO Data)                14772 (  14.43kB)
    Total RW  Size (RW Data + ZI Data)              1960 (   1.91kB)
    Total ROM Size (Code + RO Data + RW Data)      14844 (  14.50kB)

==============================================================================

